{
  "openapi": "3.0.0",
  "info": {
    "title": "title",
    "version": "1.2",
    "description": "module description"
  },
  "tags": [
  ],
  "paths": {
    "/basepath/headers": {
      "post": {
        "summary": "<unknown>",
        "description": null,
        "tags": [
          "/basepath"
        ],
        "parameters": [
          {
            "schema": {
              "type": "string",
              "pattern": "ollie"
            },
            "in": "header",
            "name": "f",
            "required": true,
            "description": "mappedHeader"
          }
        ],
        "requestBody": {
          "content": {
            "application/json": {
              "example": {
                "value": "abc"
              },
              "schema": {
                "$ref": "#/components/schemas/object-881980641"
              }
            }
          },
          "required": true
        },
        "responses": {
        },
        "security": [
        ],
        "operationId": "postBasepathHeaders",
        "deprecated": false
      }
    }
  },
  "components": {
    "schemas": {
      "object-881980641": {
        "type": "object",
        "required": [
        ],
        "properties": {
          "value": {
            "type": "string",
            "example": "abc"
          }
        }
      }
    },
    "securitySchemes": {
    }
  },
  "servers": [
    {
      "url": "https://localhost:8000",
      "description": ""
    }
  ],
  "x-extension": [
    "extensionField"
  ]
}